// Jest Snapshot v1, https://goo.gl/fbAQLP

exports[`it works 1`] = `
.c0 {
  font-family: Circular,-apple-system,BlinkMacSystemFont,Roboto,Helvetica Neue,sans-serif;
  font-size: 17px;
  font-weight: 300;
  -webkit-letter-spacing: 0.2px;
  -moz-letter-spacing: 0.2px;
  -ms-letter-spacing: 0.2px;
  letter-spacing: 0.2px;
  line-height: 22px;
  text-transform: none;
  color: #484848;
  font-family: Circular,"Helvetica Neue",Helvetica,Arial,sans-serif;
  font-size: 14px;
  line-height: 1.43;
  font-weight: 400;
  color: #008489;
}

<div
  className="c0"
/>
`;

exports[`links render in blue 1`] = `
.c0 {
  font-family: Circular,-apple-system,BlinkMacSystemFont,Roboto,Helvetica Neue,sans-serif;
  font-size: 17px;
  font-weight: 300;
  -webkit-letter-spacing: 0.2px;
  -moz-letter-spacing: 0.2px;
  -ms-letter-spacing: 0.2px;
  letter-spacing: 0.2px;
  line-height: 22px;
  text-transform: none;
  color: #484848;
  font-family: Circular,"Helvetica Neue",Helvetica,Arial,sans-serif;
  font-size: 14px;
  line-height: 1.43;
  font-weight: 400;
  color: #008489;
}

<div
  className="c0"
/>
`;
